<?xml version="1.0" encoding="utf-8"?><testsuites name="pytest tests"><testsuite name="pytest" errors="0" failures="0" skipped="0" tests="100" time="0.654" timestamp="2026-02-02T20:38:38.882459+09:00" hostname="kimsunghyunui-MacBookAir.local"><testcase classname="tests.test_chat_manual_rag" name="test_manual_keyword_triggers_rag" time="0.002" /><testcase classname="tests.test_chat_manual_rag" name="test_english_manual_keyword_triggers_rag" time="0.001" /><testcase classname="tests.test_chat_manual_rag_bulk" name="test_manual_cases_trigger_rag[\uba54\ub274\uc5bc: \uccb4\ud06c\uc778 \uc808\ucc28 \uc548\ub0b4\uac00 \uc5b4\ub5bb\uac8c \ub418\ub098\uc694?]" time="0.001" /><testcase classname="tests.test_chat_manual_rag_bulk" name="test_manual_cases_trigger_rag[\uba54\ub274\uc5bc: \uccb4\ud06c\uc544\uc6c3 \uc5f0\uc7a5 \uc815\ucc45 \uc54c\ub824\uc918]" time="0.001" /><testcase classname="tests.test_chat_manual_rag_bulk" name="test_manual_cases_trigger_rag[\uba54\ub274\uc5bc: \uac1d\uc2e4 \uc5c5\uadf8\ub808\uc774\ub4dc \uc808\ucc28\ub294?]" time="0.001" /><testcase classname="tests.test_chat_manual_rag_bulk" name="test_manual_cases_trigger_rag[\uba54\ub274\uc5bc: VIP \uace0\uac1d \ud61c\ud0dd \ubaa9\ub85d \ud655\uc778]" time="0.001" /><testcase classname="tests.test_chat_manual_rag_bulk" name="test_manual_cases_trigger_rag[\uba54\ub274\uc5bc: \uc608\uc57d \ucde8\uc18c \uc218\uc218\ub8cc \uaddc\uc815]" time="0.001" /><testcase classname="tests.test_chat_manual_rag_bulk" name="test_manual_cases_trigger_rag[\uba54\ub274\uc5bc: \ubcf4\uc99d\uae08 \ud658\ubd88 \uc808\ucc28]" time="0.001" /><testcase classname="tests.test_chat_manual_rag_bulk" name="test_manual_cases_trigger_rag[\uba54\ub274\uc5bc: \uac1d\uc2e4 \uccad\uc18c \uc2dc\uac04 \uae30\uc900]" time="0.001" /><testcase classname="tests.test_chat_manual_rag_bulk" name="test_manual_cases_trigger_rag[\uba54\ub274\uc5bc: \ub8f8\uc11c\ube44\uc2a4 \uc81c\uacf5 \uc2dc\uac04]" time="0.001" /><testcase classname="tests.test_chat_manual_rag_bulk" name="test_manual_cases_trigger_rag[\uba54\ub274\uc5bc: \uc870\uc2dd \ubdd4\ud398 \uc548\ub0b4]" time="0.001" /><testcase classname="tests.test_chat_manual_rag_bulk" name="test_manual_cases_trigger_rag[\uba54\ub274\uc5bc: \uc8fc\ucc28 \uc815\ucc45 \ubc0f \uc694\uae08]" time="0.001" /><testcase classname="tests.test_chat_manual_rag_bulk" name="test_manual_cases_trigger_rag[\uba54\ub274\uc5bc: \uc560\uc644\ub3d9\ubb3c \ub3d9\ubc18 \uc815\ucc45]" time="0.001" /><testcase classname="tests.test_chat_manual_rag_bulk" name="test_manual_cases_trigger_rag[\uba54\ub274\uc5bc: \uc7a5\uc560\uc778 \ud3b8\uc758\uc2dc\uc124 \uc548\ub0b4]" time="0.001" /><testcase classname="tests.test_chat_manual_rag_bulk" name="test_manual_cases_trigger_rag[\uba54\ub274\uc5bc: \uc548\uc804 \ube44\uc0c1\uc2dc \ub300\uc751 \uc808\ucc28]" time="0.001" /><testcase classname="tests.test_chat_manual_rag_bulk" name="test_manual_cases_trigger_rag[\uba54\ub274\uc5bc: \ud654\uc7ac \ub300\ud53c\ub85c \uc548\ub0b4]" time="0.001" /><testcase classname="tests.test_chat_manual_rag_bulk" name="test_manual_cases_trigger_rag[\uba54\ub274\uc5bc: \uace0\uac1d \uac1c\uc778\uc815\ubcf4 \ucde8\uae09 \ubc29\uce68]" time="0.001" /><testcase classname="tests.test_chat_manual_rag_bulk" name="test_manual_cases_trigger_rag[\uba54\ub274\uc5bc: \uba64\ubc84\uc2ed \ud3ec\uc778\ud2b8 \uc801\ub9bd \uaddc\uc815]" time="0.001" /><testcase classname="tests.test_chat_manual_rag_bulk" name="test_manual_cases_trigger_rag[\uba54\ub274\uc5bc: \uba64\ubc84\uc2ed \ub4f1\uae09\ubcc4 \ud61c\ud0dd]" time="0.001" /><testcase classname="tests.test_chat_manual_rag_bulk" name="test_manual_cases_trigger_rag[\uba54\ub274\uc5bc: \ub2e8\uccb4 \uc608\uc57d \uc808\ucc28]" time="0.001" /><testcase classname="tests.test_chat_manual_rag_bulk" name="test_manual_cases_trigger_rag[\uba54\ub274\uc5bc: \ucee8\uc2dc\uc5b4\uc9c0 \uc11c\ube44\uc2a4 \uc548\ub0b4]" time="0.001" /><testcase classname="tests.test_chat_manual_rag_bulk" name="test_manual_cases_trigger_rag[\uba54\ub274\uc5bc: \uc870\uae30 \uccb4\ud06c\uc778 \uac00\ub2a5 \uc5ec\ubd80]" time="0.001" /><testcase classname="tests.test_chat_manual_rag_bulk" name="test_manual_cases_trigger_rag[\uba54\ub274\uc5bc: \ub2a6\uc740 \uccb4\ud06c\uc544\uc6c3 \ucd94\uac00 \uc694\uae08]" time="0.001" /><testcase classname="tests.test_chat_manual_rag_bulk" name="test_manual_cases_trigger_rag[\uba54\ub274\uc5bc: \uac1d\uc2e4 \ub0c9\ub09c\ubc29 \uace0\uc7a5 \uc2e0\uace0 \uc808\ucc28]" time="0.001" /><testcase classname="tests.test_chat_manual_rag_bulk" name="test_manual_cases_trigger_rag[\uba54\ub274\uc5bc: \uc778\ud130\ub137 \uc811\uc18d \uc624\ub958 \ud574\uacb0 \ubc29\ubc95]" time="0.001" /><testcase classname="tests.test_chat_manual_rag_bulk" name="test_manual_cases_trigger_rag[\uba54\ub274\uc5bc: TV \ucc44\ub110 \uc548\ub0b4]" time="0.001" /><testcase classname="tests.test_chat_manual_rag_bulk" name="test_manual_cases_trigger_rag[\uba54\ub274\uc5bc: \uc548\uc804\uae08\uace0 \uc0ac\uc6a9\ubc95]" time="0.001" /><testcase classname="tests.test_chat_manual_rag_bulk" name="test_manual_cases_trigger_rag[\uba54\ub274\uc5bc: \uc138\ud0c1 \uc11c\ube44\uc2a4 \uc774\uc6a9 \ubc29\ubc95]" time="0.001" /><testcase classname="tests.test_chat_manual_rag_bulk" name="test_manual_cases_trigger_rag[\uba54\ub274\uc5bc: \uad6c\ub450 \uc218\uc120 \uc11c\ube44\uc2a4 \uc548\ub0b4]" time="0.001" /><testcase classname="tests.test_chat_manual_rag_bulk" name="test_manual_cases_trigger_rag[\uba54\ub274\uc5bc: \uc720\uc544\uc6a9 \uce68\ub300 \ub300\uc5ec \uc815\ucc45]" time="0.001" /><testcase classname="tests.test_chat_manual_rag_bulk" name="test_manual_cases_trigger_rag[\uba54\ub274\uc5bc: \ud761\uc5f0\uc2e4/\uae08\uc5f0\uc2e4 \uc548\ub0b4]" time="0.001" /><testcase classname="tests.test_chat_manual_rag_bulk" name="test_manual_cases_trigger_rag[\uba54\ub274\uc5bc: \ub808\uc2a4\ud1a0\ub791 \uc608\uc57d \uc808\ucc28]" time="0.001" /><testcase classname="tests.test_chat_manual_rag_bulk" name="test_manual_cases_trigger_rag[\uba54\ub274\uc5bc: \ubbf8\ud305\ub8f8 \uc774\uc6a9 \uaddc\uc815]" time="0.001" /><testcase classname="tests.test_chat_manual_rag_bulk" name="test_manual_cases_trigger_rag[\uba54\ub274\uc5bc: \ucd9c\uc7a5 \uc601\uc218\uc99d \ubc1c\uae09 \ubc29\ubc95]" time="0.001" /><testcase classname="tests.test_chat_manual_rag_bulk" name="test_manual_cases_trigger_rag[\uba54\ub274\uc5bc: \uacb0\uc81c \uce74\ub4dc \ubcc0\uacbd \uc808\ucc28]" time="0.001" /><testcase classname="tests.test_chat_manual_rag_bulk" name="test_manual_cases_trigger_rag[\uba54\ub274\uc5bc: \ud658\uc804 \uc11c\ube44\uc2a4 \uc548\ub0b4]" time="0.001" /><testcase classname="tests.test_chat_manual_rag_bulk" name="test_manual_cases_trigger_rag[\uba54\ub274\uc5bc: \ubc30\uc1a1 \ubc0f \ud0dd\ubc30 \ubcf4\uad00 \uc815\ucc45]" time="0.001" /><testcase classname="tests.test_chat_manual_rag_bulk" name="test_manual_cases_trigger_rag[\uba54\ub274\uc5bc: \ubd84\uc2e4\ubb3c \ucc98\ub9ac \uc808\ucc28]" time="0.001" /><testcase classname="tests.test_chat_manual_rag_bulk" name="test_manual_cases_trigger_rag[\uba54\ub274\uc5bc: \uace0\uac1d \ubd88\ub9cc \uc811\uc218 \ubc29\ubc95]" time="0.001" /><testcase classname="tests.test_chat_manual_rag_bulk" name="test_manual_cases_trigger_rag[\uba54\ub274\uc5bc: \ud074\ub808\uc784 \ucc98\ub9ac \uae30\uc900]" time="0.001" /><testcase classname="tests.test_chat_manual_rag_bulk" name="test_manual_cases_trigger_rag[\uba54\ub274\uc5bc: \ubcf4\uc0c1(\ucef4\ud39c\uc138\uc774\uc158) \uc815\ucc45]" time="0.001" /><testcase classname="tests.test_chat_manual_rag_bulk" name="test_manual_cases_trigger_rag[\uba54\ub274\uc5bc: \uc18c\uc74c \ubbfc\uc6d0 \ub300\uc751 \ub9e4\ub274\uc5bc]" time="0.001" /><testcase classname="tests.test_chat_manual_rag_bulk" name="test_manual_cases_trigger_rag[\uba54\ub274\uc5bc: \uc74c\uc2dd \uc548\uc804 \ubc0f \uc54c\ub808\ub974\uae30 \ub300\uc751]" time="0.001" /><testcase classname="tests.test_chat_manual_rag_bulk" name="test_manual_cases_trigger_rag[\uba54\ub274\uc5bc: \uc544\ub3d9 \uc548\uc804 \uac00\uc774\ub4dc\ub77c\uc778]" time="0.001" /><testcase classname="tests.test_chat_manual_rag_bulk" name="test_manual_cases_trigger_rag[\uba54\ub274\uc5bc: \uc7a5\uc560 \uace0\uac1d \uc751\ub300 \uc694\ub839]" time="0.001" /><testcase classname="tests.test_chat_manual_rag_bulk" name="test_manual_cases_trigger_rag[\uba54\ub274\uc5bc: VIP \uace0\uac1d \ucef4\ud50c\ub808\uc778 \ucc98\ub9ac \uc808\ucc28]" time="0.001" /><testcase classname="tests.test_chat_manual_rag_bulk" name="test_manual_cases_trigger_rag[\uba54\ub274\uc5bc: \uac1d\uc2e4 \ub0b4 \ud761\uc5f0 \uc801\ubc1c \uc2dc \uc870\uce58]" time="0.001" /><testcase classname="tests.test_chat_manual_rag_bulk" name="test_manual_cases_trigger_rag[\uba54\ub274\uc5bc: \uc5f0\ubc15 \uace0\uac1d \uc11c\ube44\uc2a4 \uc6b0\ub300\uc0ac\ud56d]" time="0.001" /><testcase classname="tests.test_chat_manual_rag_bulk" name="test_manual_cases_trigger_rag[\uba54\ub274\uc5bc: \uacf5\uc6a9\uc2dc\uc124 \uc774\uc6a9\uc2dc\uac04 \ubc0f \uaddc\uce59]" time="0.001" /><testcase classname="tests.test_chat_manual_rag_bulk" name="test_manual_cases_trigger_rag[\uba54\ub274\uc5bc: \uccad\uc18c \uc9c0\uc5f0 \ubcf4\uc0c1 \uc815\ucc45]" time="0.001" /><testcase classname="tests.test_chat_manual_rag_bulk" name="test_manual_cases_trigger_rag[\uba54\ub274\uc5bc: \uc2dc\uc124 \uc720\uc9c0\ubcf4\uc218 \uc2e0\uccad \uc808\ucc28]" time="0.001" /><testcase classname="tests.test_chat_manual_rag_bulk" name="test_manual_cases_trigger_rag[\uba54\ub274\uc5bc: \uc8fc\ucc28\uc7a5 \uc0ac\uace0 \ucc98\ub9ac \uc808\ucc28]" time="0.001" /><testcase classname="tests.test_chat_manual_rag_bulk" name="test_manual_cases_trigger_rag[\uba54\ub274\uc5bc: \uc758\ub8cc\ube44 \uc9c0\uc6d0 \ubc0f \uc751\uae09\uc870\uce58]" time="0.001" /><testcase classname="tests.test_chat_manual_rag_bulk" name="test_manual_cases_trigger_rag[\uba54\ub274\uc5bc: \uc608\uc57d \ud655\uc815 \ud1b5\uc9c0 \uae30\uc900]" time="0.001" /><testcase classname="tests.test_chat_manual_rag_bulk" name="test_manual_cases_trigger_rag[\uba54\ub274\uc5bc: \uc608\uc57d \ubcc0\uacbd \uac00\ub2a5 \uae30\uac04]" time="0.001" /><testcase classname="tests.test_chat_manual_rag_bulk" name="test_manual_cases_trigger_rag[\uba54\ub274\uc5bc: \ub2e8\uccb4 \ud658\ubd88 \uc815\ucc45]" time="0.001" /><testcase classname="tests.test_chat_manual_rag_bulk" name="test_manual_cases_trigger_rag[\uba54\ub274\uc5bc: \ud504\ub85c\ubaa8\uc158/\ucfe0\ud3f0 \uc801\uc6a9 \uaddc\uc815]" time="0.001" /><testcase classname="tests.test_chat_manual_rag_bulk" name="test_manual_cases_trigger_rag[\uba54\ub274\uc5bc: \uc870\uc2dd \ud3ec\ud568 \uc608\uc57d \ucde8\uc18c \uaddc\uc815]" time="0.001" /><testcase classname="tests.test_chat_manual_rag_bulk" name="test_manual_cases_trigger_rag[\uba54\ub274\uc5bc: \uac1d\uc2e4 \uc810\uac80 \uccb4\ud06c\ub9ac\uc2a4\ud2b8]" time="0.001" /><testcase classname="tests.test_chat_manual_rag_bulk" name="test_manual_cases_trigger_rag[\uba54\ub274\uc5bc: \uc548\uc804 \uc810\uac80 \uc8fc\uae30 \ubc0f \ucc45\uc784\uc790]" time="0.001" /><testcase classname="tests.test_chat_manual_rag_bulk" name="test_manual_cases_trigger_rag[\uba54\ub274\uc5bc: \uc704\uc0dd\xb7\ubc29\uc5ed \uc9c0\uce68]" time="0.001" /><testcase classname="tests.test_chat_manual_rag_bulk" name="test_manual_cases_trigger_rag[\uba54\ub274\uc5bc: \ucf54\ub85c\ub098 \uad00\ub828 \ud2b9\ubcc4 \uaddc\uc815]" time="0.001" /><testcase classname="tests.test_chat_manual_rag_bulk" name="test_manual_cases_trigger_rag[\uba54\ub274\uc5bc: \uc9c1\uc6d0 \uce5c\uc808 \uc751\ub300 \ub9e4\ub274\uc5bc]" time="0.001" /><testcase classname="tests.test_chat_manual_rag_bulk" name="test_manual_cases_trigger_rag[\uba54\ub274\uc5bc: \uc804\ud654 \uc751\ub300 \uc2a4\ud06c\ub9bd\ud2b8 \uc608\uc2dc]" time="0.001" /><testcase classname="tests.test_chat_manual_rag_bulk" name="test_manual_cases_trigger_rag[\uba54\ub274\uc5bc: \ubbfc\uc6d0 \uc811\uc218 \uc2dc \ud544\uc218 \uae30\uc7ac\uc0ac\ud56d]" time="0.001" /><testcase classname="tests.test_chat_manual_rag_bulk" name="test_manual_cases_trigger_rag[\uba54\ub274\uc5bc: CCTV \uc811\uadfc \ubc0f \uac1c\uc778\uc815\ubcf4 \ubcf4\ud638]" time="0.001" /><testcase classname="tests.test_chat_manual_rag_bulk" name="test_manual_cases_trigger_rag[\uba54\ub274\uc5bc: \uace0\uac1d \ub370\uc774\ud130 \uc0ad\uc81c \uc694\uccad \ucc98\ub9ac]" time="0.001" /><testcase classname="tests.test_chat_manual_rag_bulk" name="test_manual_cases_trigger_rag[\uba54\ub274\uc5bc: \uba64\ubc84\uc2ed \ud3ec\uc778\ud2b8 \uc774\uc758\uc2e0\uccad \uc808\ucc28]" time="0.001" /><testcase classname="tests.test_chat_manual_rag_bulk" name="test_manual_cases_trigger_rag[\uba54\ub274\uc5bc: \uc694\uae08 \uc624\uccad\uad6c \uc815\uc815 \uc808\ucc28]" time="0.001" /><testcase classname="tests.test_chat_manual_rag_bulk" name="test_manual_cases_trigger_rag[\uba54\ub274\uc5bc: \uccad\uc18c \ub3c4\uad6c \uc548\uc804 \uad00\ub9ac \uaddc\uc815]" time="0.001" /><testcase classname="tests.test_chat_manual_rag_bulk" name="test_manual_cases_trigger_rag[\uba54\ub274\uc5bc: \uc8fc\ub958 \uc81c\uacf5 \uc815\ucc45 \ubc0f \ucc45\uc784]" time="0.001" /><testcase classname="tests.test_chat_manual_rag_bulk" name="test_manual_cases_trigger_rag[\uba54\ub274\uc5bc: \ud761\uc5f0 \uad6c\uc5ed \uc548\uc804 \uae30\uc900]" time="0.001" /><testcase classname="tests.test_chat_manual_rag_bulk" name="test_manual_cases_trigger_rag[\uba54\ub274\uc5bc: \uc2dd\uc74c\ub8cc \ubd88\ub9cc \ub300\uc751 \uac00\uc774\ub4dc]" time="0.001" /><testcase classname="tests.test_chat_manual_rag_bulk" name="test_manual_cases_trigger_rag[\uba54\ub274\uc5bc: \uace0\uac1d \uc694\uccad \uc6b0\uc120\uc21c\uc704 \uae30\uc900]" time="0.001" /><testcase classname="tests.test_chat_manual_rag_bulk" name="test_manual_cases_trigger_rag[\uba54\ub274\uc5bc: \uac1d\uc2e4 \uc774\ud0c8 \ubc29\uc9c0(\ub3c4\ub09c \uc608\ubc29) \uc808\ucc28]" time="0.001" /><testcase classname="tests.test_chat_manual_rag_bulk" name="test_manual_cases_trigger_rag[\uba54\ub274\uc5bc: \ud638\ud154 \ub0b4\ubd80 \ud1b5\uc2e0(\ub0b4\uc120) \uaddc\uce59]" time="0.001" /><testcase classname="tests.test_chat_manual_rag_bulk" name="test_manual_cases_trigger_rag[\uba54\ub274\uc5bc: \uc5d0\ub108\uc9c0 \uc808\uc57d \uc815\ucc45]" time="0.001" /><testcase classname="tests.test_chat_manual_rag_bulk" name="test_manual_cases_trigger_rag[\uba54\ub274\uc5bc: \ud658\uacbd \uce5c\ud654\uc801 \uc6b4\uc601 \uac00\uc774\ub4dc]" time="0.001" /><testcase classname="tests.test_chat_manual_rag_bulk" name="test_manual_cases_trigger_rag[\uba54\ub274\uc5bc: \uacf5\uae09\uc5c5\uccb4 \ud074\ub808\uc784 \ucc98\ub9ac]" time="0.001" /><testcase classname="tests.test_chat_manual_rag_bulk" name="test_manual_cases_trigger_rag[\uba54\ub274\uc5bc: \uae30\ubb3c \ud30c\uc190 \ubcf4\uc0c1 \uae30\uc900]" time="0.001" /><testcase classname="tests.test_chat_manual_rag_bulk" name="test_manual_cases_trigger_rag[\uba54\ub274\uc5bc: \ubd84\uc2e4\ubb3c \ubcf4\uad00 \uae30\uac04 \ubc0f \ud1b5\ubcf4]" time="0.001" /><testcase classname="tests.test_chat_manual_rag_bulk" name="test_manual_cases_trigger_rag[\uba54\ub274\uc5bc: \uc5b4\ub9b0\uc774 \ub3d9\ubc18 \uace0\uac1d \uc548\ub0b4\ubb38]" time="0.001" /><testcase classname="tests.test_chat_manual_rag_bulk" name="test_manual_cases_trigger_rag[\uba54\ub274\uc5bc: \uc7a5\uc560 \ubc1c\uc0dd \uc2dc \uc5f0\ub77d\ucc98 \ubaa9\ub85d]" time="0.001" /><testcase classname="tests.test_chat_manual_rag_bulk" name="test_manual_cases_trigger_rag[\uba54\ub274\uc5bc: \ube44\uc0c1 \uc804\uc6d0/\uc804\uae30 \uc774\uc0c1 \ub300\uc751]" time="0.001" /><testcase classname="tests.test_chat_manual_rag_bulk" name="test_manual_cases_trigger_rag[\uba54\ub274\uc5bc: \uce68\ub300\ub958 \uc704\uc0dd \uc810\uac80 \uc808\ucc28]" time="0.001" /><testcase classname="tests.test_chat_manual_rag_bulk" name="test_manual_cases_trigger_rag[\uba54\ub274\uc5bc: \uce68\uad6c\ub958 \uad50\uccb4 \uc8fc\uae30]" time="0.001" /><testcase classname="tests.test_chat_manual_rag_bulk" name="test_manual_cases_trigger_rag[\uba54\ub274\uc5bc: \uac1d\uc2e4 \ub0c4\uc0c8 \ubbfc\uc6d0 \ucc98\ub9ac\ubc29\ubc95]" time="0.001" /><testcase classname="tests.test_chat_manual_rag_bulk" name="test_manual_cases_trigger_rag[\uba54\ub274\uc5bc: \uac1d\uc2e4 \ub0b4 \ubc18\ub824\ub3d9\ubb3c \uad00\ub828 \uaddc\uc815]" time="0.001" /><testcase classname="tests.test_chat_manual_rag_bulk" name="test_manual_cases_trigger_rag[\uba54\ub274\uc5bc: \uace0\uac1d \uc694\uccad \ubb38\uc11c \ubcf4\uad00 \uc815\ucc45]" time="0.001" /><testcase classname="tests.test_chat_manual_rag_bulk" name="test_manual_cases_trigger_rag[\uba54\ub274\uc5bc: \uace0\uac1d \ud53c\ub4dc\ubc31 \uc218\uc9d1 \ubc29\ubc95]" time="0.001" /><testcase classname="tests.test_chat_manual_rag_bulk" name="test_manual_cases_trigger_rag[\uba54\ub274\uc5bc: \uc11c\ube44\uc2a4 \uac1c\uc120 \uc694\uccad \ud504\ub85c\uc138\uc2a4]" time="0.001" /><testcase classname="tests.test_chat_manual_rag_bulk" name="test_manual_cases_trigger_rag[\uba54\ub274\uc5bc: \ud074\ub808\uc784 \ucd5c\uc885 \uacb0\uc815 \uad8c\ud55c\uc790]" time="0.001" /><testcase classname="tests.test_chat_manual_rag_bulk" name="test_manual_cases_trigger_rag[\uba54\ub274\uc5bc: VIP \uace0\uac1d \uc804\uc6a9 \uc5f0\ub77d\ub9dd \uc548\ub0b4]" time="0.001" /><testcase classname="tests.test_chat_manual_rag_bulk" name="test_manual_cases_trigger_rag[\uba54\ub274\uc5bc: \uace0\uac1d \uc751\ub300 \uc2dc \uac10\uc815\ub178\ub3d9 \ubcf4\ud638 \uc9c0\uce68]" time="0.001" /><testcase classname="tests.test_chat_manual_rag_bulk" name="test_manual_cases_trigger_rag[\uba54\ub274\uc5bc: \uace0\uac1d \uac1c\uc778 \uc18c\uc9c0\ud488 \ubcf4\uad00 \uaddc\uc815]" time="0.001" /><testcase classname="tests.test_chat_manual_rag_bulk" name="test_manual_cases_trigger_rag[\uba54\ub274\uc5bc: \uac1d\uc2e4 \ub0b4 \uc804\uc790\uae30\uae30 \uc548\uc804 \uc548\ub0b4]" time="0.001" /><testcase classname="tests.test_chat_manual_rag_bulk" name="test_manual_cases_trigger_rag[\uba54\ub274\uc5bc: \ube44\uc988\ub2c8\uc2a4 \uace0\uac1d \ub9de\ucda4 \uc11c\ube44\uc2a4]" time="0.001" /><testcase classname="tests.test_chat_manual_rag_bulk" name="test_manual_cases_trigger_rag[\uba54\ub274\uc5bc: \ud589\uc0ac(\uc774\ubca4\ud2b8) \uc548\uc804 \uaddc\uc815]" time="0.001" /><testcase classname="tests.test_chat_manual_rag_bulk" name="test_manual_cases_trigger_rag[\ucef4\ud50c\ub808\uc778: \ub8f8\uc11c\ube44\uc2a4 \uc74c\uc2dd\uc774 \uc0c1\ud588\uc5b4\uc694]" time="0.001" /><testcase classname="tests.test_chat_manual_rag_bulk" name="test_manual_cases_trigger_rag[\ucef4\ud50c\ub808\uc778: \uccad\uc18c\uac00 \uc81c\ub300\ub85c \uc548 \ub418\uc5c8\uc5b4\uc694]" time="0.001" /></testsuite></testsuites>